<?xml version="1.0" encoding="utf-8"?><testsuites name="pytest tests"><testsuite name="pytest" errors="0" failures="0" skipped="0" tests="33" time="0.045" timestamp="2026-08-19T15:40:14.685535+03:00" hostname="Zain"><testcase classname="test_password_generator" name="test_default_length_is_strong" time="0.000" /><testcase classname="test_password_generator" name="test_explicit_valid_lengths_are_strong[8]" time="0.000" /><testcase classname="test_password_generator" name="test_explicit_valid_lengths_are_strong[16]" time="0.000" /><testcase classname="test_password_generator" name="test_explicit_valid_lengths_are_strong[40]" time="0.000" /><testcase classname="test_password_generator" name="test_too_short_length_raises_value_error[0]" time="0.000" /><testcase classname="test_password_generator" name="test_too_short_length_raises_value_error[1]" time="0.000" /><testcase classname="test_password_generator" name="test_too_short_length_raises_value_error[7]" time="0.000" /><testcase classname="test_password_generator" name="test_too_short_length_raises_value_error[-1]" time="0.000" /><testcase classname="test_password_generator" name="test_too_short_length_raises_value_error[-100]" time="0.000" /><testcase classname="test_password_generator" name="test_non_integer_length_raises_type_error[8.0]" time="0.000" /><testcase classname="test_password_generator" name="test_non_integer_length_raises_type_error[12]" time="0.000" /><testcase classname="test_password_generator" name="test_non_integer_length_raises_type_error[None]" time="0.000" /><testcase classname="test_password_generator" name="test_non_integer_length_raises_type_error[12.5]" time="0.000" /><testcase classname="test_password_generator" name="test_non_integer_length_raises_type_error[length4]" time="0.000" /><testcase classname="test_password_generator" name="test_bool_length_raises_type_error[True]" time="0.000" /><testcase classname="test_password_generator" name="test_bool_length_raises_type_error[False]" time="0.000" /><testcase classname="test_password_generator" name="test_length_above_max_raises_value_error" time="0.000" /><testcase classname="test_password_generator" name="test_min_and_max_constants_match_spec" time="0.000" /><testcase classname="test_password_generator" name="test_repeated_calls_produce_different_passwords" time="0.001" /><testcase classname="test_password_generator" name="test_does_not_use_random_module" time="0.000" /><testcase classname="test_password_generator" name="test_sweep_of_lengths_always_satisfies_all_rules[8]" time="0.000" /><testcase classname="test_password_generator" name="test_sweep_of_lengths_always_satisfies_all_rules[12]" time="0.000" /><testcase classname="test_password_generator" name="test_sweep_of_lengths_always_satisfies_all_rules[20]" time="0.000" /><testcase classname="test_password_generator" name="test_sweep_of_lengths_always_satisfies_all_rules[50]" time="0.000" /><testcase classname="test_password_generator" name="test_sweep_of_lengths_always_satisfies_all_rules[100]" time="0.001" /><testcase classname="test_password_strength" name="test_strong_password_all_rules_satisfied" time="0.000" /><testcase classname="test_password_strength" name="test_medium_password_missing_two_rules" time="0.000" /><testcase classname="test_password_strength" name="test_medium_password_exactly_three_rules" time="0.000" /><testcase classname="test_password_strength" name="test_weak_password_few_rules_satisfied" time="0.000" /><testcase classname="test_password_strength" name="test_empty_string_does_not_crash" time="0.000" /><testcase classname="test_password_strength" name="test_very_short_password_does_not_crash" time="0.000" /><testcase classname="test_password_strength" name="test_reasons_reflect_only_unmet_rules" time="0.000" /><testcase classname="test_password_strength" name="test_importable_and_callable_directly" time="0.000" /></testsuite></testsuites>